== rung5 remote start 2026-06-11T11:54:31Z slice=1000000000 threads=1,2,4,8 sha=ef86e66 ==
8
               total        used        free      shared  buff/cache   available
Mem:              61           0          60           0           0          60
/dev/root       387G  1.9G  385G   1% /
Model name:                              Intel(R) Xeon(R) Platinum 8488C
Core(s) per socket:                      4
Socket(s):                               1
NUMA node(s):                            1
NUMA node0 CPU(s):                       0-7

Running kernel seems to be up-to-date.

No services need to be restarted.

No containers need to be restarted.

No user sessions are running outdated binaries.

No VM guests are running outdated hypervisor (qemu) binaries on this host.
== downloading first 14 GiB of truthy dump (ranged, parallel, background) ==
warning: use of deprecated method `oxigraph::store::Store::query`: Use `SparqlEvaluator` interface instead
   --> crates/sparq-bench/src/fuzz.rs:178:17
    |
178 |     match store.query(q).map_err(|e| e.to_string())? {
    |                 ^^^^^
    |
    = note: `#[warn(deprecated)]` on by default

warning: use of deprecated method `oxigraph::store::Store::query`: Use `SparqlEvaluator` interface instead
   --> crates/sparq-bench/src/fuzz.rs:187:17
    |
187 |     match store.query(q).ok()? {
    |                 ^^^^^

warning: use of deprecated method `oxigraph::store::Store::query`: Use `SparqlEvaluator` interface instead
   --> crates/sparq-bench/src/main.rs:200:17
    |
200 |     match store.query(q).expect("oxi query") {
    |                 ^^^^^

cargo build: 65s
wrote 16000000 triples (2000000 entities) to /home/ubuntu/data.nt in 0.9s
dump: 1s (16000000 triples)
== x86 scaling sweep (threads=1,2,4,8, iters=2) ==
q09_count_edges	1	0.0	1.00	1.00
q09_count_edges	2	0.0	1.47	0.74
q09_count_edges	4	0.0	0.81	0.20
q09_count_edges	8	0.0	1.47	0.18
q10_optional_age	1	858.2	1.00	1.00
q10_optional_age	2	554.3	1.55	0.77
q10_optional_age	4	414.5	2.07	0.52
q10_optional_age	8	375.9	2.28	0.29
== waiting for download ==
download: 252s for 3073 MB
slice prep (rapidgzip -d -c -P 8 -> head 1000000000 -> zstd -1): 0s, 1 MB
/dev/root       387G  4.4G  383G   2% /
== T2 build @1000000000 (SPARQ_SHARDED_DICT=1, 64M-triple runs, iostat sampling) ==
[build-timing] parse+intern+spill done: parse(parallel) 0.00s | merge_remap(serial) 0.00s | triple-remap(serial) 0.00s | 0.00s wall to here
[build-timing] kway_merge SPO done | 0.00s wall to here
[build-timing] sibling sorts ∥ dict-save done | 0.00s wall to here
built on-disk indexes in /home/ubuntu/idx in 0.0s (external-memory, 64M-triple runs)
	Command being timed: "/home/ubuntu/sparq/target/release/sparq-cli build /home/ubuntu/slice.nt.zst ntriples /home/ubuntu/idx 64"
	User time (seconds): 0.00
	System time (seconds): 0.00
	Percent of CPU this job got: 225%
	Elapsed (wall clock) time (h:mm:ss or m:ss): 0:00.00
	Average shared text size (kbytes): 0
	Average unshared data size (kbytes): 0
	Average stack size (kbytes): 0
	Average total size (kbytes): 0
	Maximum resident set size (kbytes): 30856
	Average resident set size (kbytes): 0
	Major (requiring I/O) page faults: 0
	Minor (reclaiming a frame) page faults: 252
	Voluntary context switches: 55
	Involuntary context switches: 68
	Swaps: 0
	File system inputs: 0
	File system outputs: 24
	Socket messages sent: 0
	Socket messages received: 0
	Signals delivered: 0
	Page size (bytes): 4096
	Exit status: 0
/dev/root       387G  4.4G  383G   2% /
12K	/home/ubuntu/idx
== T2 sanity COUNT queries (mmap) ==
Q: SELECT (COUNT(*) AS ?c) WHERE { ?s ?p ?o }
opened 0 triples (indexes MEMORY-MAPPED) in 0.000s | store-heap ~0.00 GB (mmap'd perms not counted), dict ~0.00 GB
1 solutions in 0.083ms
Q: SELECT (COUNT(*) AS ?c) WHERE { ?s <http://www.wikidata.org/prop/direct/P31> ?o }
opened 0 triples (indexes MEMORY-MAPPED) in 0.000s | store-heap ~0.00 GB (mmap'd perms not counted), dict ~0.00 GB
1 solutions in 0.094ms
Q: SELECT (COUNT(*) AS ?c) WHERE { ?s <http://www.w3.org/2000/01/rdf-schema#label> ?o }
opened 0 triples (indexes MEMORY-MAPPED) in 0.000s | store-heap ~0.00 GB (mmap'd perms not counted), dict ~0.00 GB
1 solutions in 0.059ms
== remote done 2026-06-11T11:59:16Z ==
