[build-timing] parse+intern+spill done: parse(parallel) 0.00s | merge_remap(serial) 0.00s | triple-remap(serial) 0.00s | 0.00s wall to here
[build-timing] kway_merge SPO done | 0.00s wall to here
[build-timing] sibling sorts ∥ dict-save done | 0.00s wall to here
built on-disk indexes in /home/ubuntu/idx in 0.0s (external-memory, 64M-triple runs)
	Command being timed: "/home/ubuntu/sparq/target/release/sparq-cli build /home/ubuntu/slice.nt.zst ntriples /home/ubuntu/idx 64"
	User time (seconds): 0.00
	System time (seconds): 0.00
	Percent of CPU this job got: 225%
	Elapsed (wall clock) time (h:mm:ss or m:ss): 0:00.00
	Average shared text size (kbytes): 0
	Average unshared data size (kbytes): 0
	Average stack size (kbytes): 0
	Average total size (kbytes): 0
	Maximum resident set size (kbytes): 30856
	Average resident set size (kbytes): 0
	Major (requiring I/O) page faults: 0
	Minor (reclaiming a frame) page faults: 252
	Voluntary context switches: 55
	Involuntary context switches: 68
	Swaps: 0
	File system inputs: 0
	File system outputs: 24
	Socket messages sent: 0
	Socket messages received: 0
	Signals delivered: 0
	Page size (bytes): 4096
	Exit status: 0
12K	/home/ubuntu/idx
