[build-timing] parse+intern+spill done: parse(parallel) 138.12s | merge_remap(serial) 137.90s | triple-remap(serial) 62.20s | 221.20s wall to here
[build-timing] kway_merge SPO done | 252.44s wall to here
[build-timing] sibling sorts ∥ dict-save done | 662.08s wall to here
built on-disk indexes in /home/ubuntu/idx in 737.8s (external-memory, 64M-triple runs)
	Command being timed: "/home/ubuntu/sparq/target/release/sparq-cli build /home/ubuntu/slice.nt.zst ntriples /home/ubuntu/idx 64"
	User time (seconds): 1753.21
	System time (seconds): 86.66
	Percent of CPU this job got: 249%
	Elapsed (wall clock) time (h:mm:ss or m:ss): 12:17.79
	Average shared text size (kbytes): 0
	Average unshared data size (kbytes): 0
	Average stack size (kbytes): 0
	Average total size (kbytes): 0
	Maximum resident set size (kbytes): 54043348
	Average resident set size (kbytes): 0
	Major (requiring I/O) page faults: 1006
	Minor (reclaiming a frame) page faults: 6339397
	Voluntary context switches: 641826
	Involuntary context switches: 271571
	Swaps: 0
	File system inputs: 156802984
	File system outputs: 332994024
	Socket messages sent: 0
	Socket messages received: 0
	Signals delivered: 0
	Page size (bytes): 4096
	Exit status: 0
84G	/home/ubuntu/idx
